#
# There is insufficient memory for the Java Runtime Environment to continue.
# Native memory allocation (mmap) failed to map 266338304 bytes for G1 virtual space
# Possible reasons:
#   The system is out of physical RAM or swap space
#   The process is running with CompressedOops enabled, and the Java Heap may be blocking the growth of the native heap
# Possible solutions:
#   Reduce memory load on the system
#   Increase physical memory or swap space
#   Check if swap backing store is full
#   Decrease Java heap size (-Xmx/-Xms)
#   Decrease number of Java threads
#   Decrease Java thread stack sizes (-Xss)
#   Set larger code cache with -XX:ReservedCodeCacheSize=
#   JVM is running with Zero Based Compressed Oops mode in which the Java heap is
#     placed in the first 32GB address space. The Java Heap base address is the
#     maximum limit for the native heap growth. Please use -XX:HeapBaseMinAddress
#     to set the Java Heap base and to place the Java Heap above 32GB virtual address.
# This output file may be truncated or incomplete.
#
#  Out of Memory Error (os_windows.cpp:3603), pid=6076, tid=12416
#
# JRE version:  (21.0.9+7) (build )
# Java VM: Java HotSpot(TM) 64-Bit Server VM (21.0.9+7-LTS-338, mixed mode, emulated-client, sharing, tiered, compressed oops, compressed class ptrs, g1 gc, windows-amd64)
# No core dump will be written. Minidumps are not enabled by default on client versions of Windows
#

---------------  S U M M A R Y ------------

Command Line: -agentlib:jdwp=transport=dt_socket,address=127.0.0.1:50894,suspend=y,server=n -javaagent:C:\Users\Admin\AppData\Local\JetBrains\IntelliJIdea2025.3\captureAgent\debugger-agent.jar=file:///C:/Users/Admin/AppData/Local/Temp/capture1852655167817012528.props -XX:TieredStopAtLevel=1 -Dspring.profiles.active=local -Dspring.output.ansi.enabled=always -Dkotlinx.coroutines.debug.enable.creation.stack.trace=false -Ddebugger.agent.enable.coroutines=true -Dkotlinx.coroutines.debug.enable.flows.stack.trace=true -Dkotlinx.coroutines.debug.enable.mutable.state.flows.stack.trace=true -Ddebugger.async.stack.trace.for.all.threads=true -Dfile.encoding=UTF-8 -Dsun.stdout.encoding=UTF-8 -Dsun.stderr.encoding=UTF-8 by.shakhau.ps.gateway.PaymentSystemApiGatewayApplication

Host: Intel(R) Core(TM) i7-8750H CPU @ 2.20GHz, 12 cores, 15G,  Windows 10 , 64 bit Build 19041 (10.0.19041.5915)
Time: Mon Aug 31 14:34:12 2026 elapsed time: 0.015347 seconds (0d 0h 0m 0s)

---------------  T H R E A D  ---------------

Current thread (0x000002a910d86760):  JavaThread "Unknown thread" [_thread_in_vm, id=12416, stack(0x000000ccad800000,0x000000ccad900000) (1024K)]

Stack: [0x000000ccad800000,0x000000ccad900000]
Native frames: (J=compiled Java code, j=interpreted, Vv=VM code, C=native code)
V  [jvm.dll+0x6cbf89]
V  [jvm.dll+0x858421]
V  [jvm.dll+0x85a94e]
V  [jvm.dll+0x85b023]
V  [jvm.dll+0x27ebc6]
V  [jvm.dll+0x6c8705]
V  [jvm.dll+0x6bd26a]
V  [jvm.dll+0x354a0a]
V  [jvm.dll+0x35c686]
V  [jvm.dll+0x3af79e]
V  [jvm.dll+0x3afa48]
V  [jvm.dll+0x328d1c]
V  [jvm.dll+0x32987b]
V  [jvm.dll+0x821739]
V  [jvm.dll+0x3bc481]
V  [jvm.dll+0x80a9b8]
V  [jvm.dll+0x45166e]
V  [jvm.dll+0x453261]
C  [jli.dll+0x52a3]
C  [ucrtbase.dll+0x21bb2]
C  [KERNEL32.DLL+0x17374]
C  [ntdll.dll+0x4cc91]


---------------  P R O C E S S  ---------------

Threads class SMR info:
_java_thread_list=0x00007ffb0c2efc08, length=0, elements={
}

Java Threads: ( => current thread )
Total: 0

Other Threads:
  0x000002a912fcf4c0 WorkerThread "GC Thread#0"                     [id=13220, stack(0x000000ccad900000,0x000000ccada00000) (1024K)]
  0x000002a912fe0300 ConcurrentGCThread "G1 Main Marker"            [id=4996, stack(0x000000ccada00000,0x000000ccadb00000) (1024K)]
  0x000002a912fe14c0 WorkerThread "G1 Conc#0"                       [id=8208, stack(0x000000ccadb00000,0x000000ccadc00000) (1024K)]

[error occurred during error reporting (printing all threads), id 0xc0000005, EXCEPTION_ACCESS_VIOLATION (0xc0000005) at pc=0x00007ffb0ba5b4a7]
VM state: not at safepoint (not fully initialized)

VM Mutex/Monitor currently owned by a thread:  ([mutex/lock_event])
[0x00007ffb0c360ef0] Heap_lock - owner thread: 0x000002a910d86760

Heap address: 0x0000000702600000, size: 4058 MB, Compressed Oops mode: Zero based, Oop shift amount: 3

CDS archive(s) mapped at: [0x0000000000000000-0x0000000000000000-0x0000000000000000), size 0, SharedBaseAddress: 0x0000000800000000, ArchiveRelocationMode: 1.
Narrow klass base: 0x0000000000000000, Narrow klass shift: 0, Narrow klass range: 0x0

GC Precious Log:
 CardTable entry size: 512
 Card Set container configuration: InlinePtr #cards 4 size 8 Array Of Cards #cards 16 size 48 Howl #buckets 8 coarsen threshold 3686 Howl Bitmap #cards 512 size 80 coarsen threshold 460 Card regions per heap region 1 cards per card region 4096

Heap:
 garbage-first heap   total 0K, used 0K [0x0000000702600000, 0x0000000800000000)
  region size 2048K, 0 young (0K), 0 survivors (0K)

[error occurred during error reporting (printing heap information), id 0xc0000005, EXCEPTION_ACCESS_VIOLATION (0xc0000005) at pc=0x00007ffb0be44ff9]
GC Heap History (0 events):
No events

Dll operation events (2 events):
Event: 0.009 Loaded shared library C:\Program Files\Java\jdk-21\bin\java.dll
Event: 0.011 Loaded shared library C:\Program Files\Java\jdk-21\bin\zip.dll

Deoptimization events (0 events):
No events

Classes loaded (0 events):
No events

Classes unloaded (0 events):
No events

Classes redefined (0 events):
No events

Internal exceptions (0 events):
No events

ZGC Phase Switch (0 events):
No events

VM Operations (0 events):
No events

Events (0 events):
No events


Dynamic libraries:
0x00007ff63ef50000 - 0x00007ff63ef60000 	C:\Program Files\Java\jdk-21\bin\java.exe
0x00007ffb8c230000 - 0x00007ffb8c428000 	C:\Windows\SYSTEM32\ntdll.dll
0x00007ffb8a420000 - 0x00007ffb8a4e2000 	C:\Windows\System32\KERNEL32.DLL
0x00007ffb89bf0000 - 0x00007ffb89ee6000 	C:\Windows\System32\KERNELBASE.dll
0x00007ffb8a0a0000 - 0x00007ffb8a1a0000 	C:\Windows\System32\ucrtbase.dll
0x00007ffb66450000 - 0x00007ffb6646b000 	C:\Program Files\Java\jdk-21\bin\VCRUNTIME140.dll
0x00007ffb66470000 - 0x00007ffb66489000 	C:\Program Files\Java\jdk-21\bin\jli.dll
0x00007ffb8ad20000 - 0x00007ffb8add1000 	C:\Windows\System32\ADVAPI32.dll
0x00007ffb8c060000 - 0x00007ffb8c0fe000 	C:\Windows\System32\msvcrt.dll
0x00007ffb8afe0000 - 0x00007ffb8b07f000 	C:\Windows\System32\sechost.dll
0x00007ffb8ae60000 - 0x00007ffb8af80000 	C:\Windows\System32\RPCRT4.dll
0x00007ffb898c0000 - 0x00007ffb898e7000 	C:\Windows\System32\bcrypt.dll
0x00007ffb8b860000 - 0x00007ffb8ba01000 	C:\Windows\System32\USER32.dll
0x00007ffb8a1a0000 - 0x00007ffb8a1c2000 	C:\Windows\System32\win32u.dll
0x00007ffb778d0000 - 0x00007ffb77b6b000 	C:\Windows\WinSxS\amd64_microsoft.windows.common-controls_6595b64144ccf1df_6.0.19041.6456_none_60b8a6cb71f64256\COMCTL32.dll
0x00007ffb8c020000 - 0x00007ffb8c04b000 	C:\Windows\System32\GDI32.dll
0x00007ffb89ef0000 - 0x00007ffb8a009000 	C:\Windows\System32\gdi32full.dll
0x00007ffb898f0000 - 0x00007ffb8998d000 	C:\Windows\System32\msvcp_win.dll
0x00007ffb83a50000 - 0x00007ffb83a5a000 	C:\Windows\SYSTEM32\VERSION.dll
0x00007ffb8c1c0000 - 0x00007ffb8c1ef000 	C:\Windows\System32\IMM32.DLL
0x00007ffb66440000 - 0x00007ffb6644c000 	C:\Program Files\Java\jdk-21\bin\vcruntime140_1.dll
0x00007ffb663b0000 - 0x00007ffb6643e000 	C:\Program Files\Java\jdk-21\bin\msvcp140.dll
0x00007ffb0b720000 - 0x00007ffb0c43d000 	C:\Program Files\Java\jdk-21\bin\server\jvm.dll
0x00007ffb8b7f0000 - 0x00007ffb8b85b000 	C:\Windows\System32\WS2_32.dll
0x00007ffb88fa0000 - 0x00007ffb88feb000 	C:\Windows\SYSTEM32\POWRPROF.dll
0x00007ffb7e220000 - 0x00007ffb7e247000 	C:\Windows\SYSTEM32\WINMM.dll
0x00007ffb88ef0000 - 0x00007ffb88f02000 	C:\Windows\SYSTEM32\UMPDC.dll
0x00007ffb88090000 - 0x00007ffb880a2000 	C:\Windows\SYSTEM32\kernel.appcore.dll
0x00007ffb663a0000 - 0x00007ffb663aa000 	C:\Program Files\Java\jdk-21\bin\jimage.dll
0x00007ffb87500000 - 0x00007ffb87701000 	C:\Windows\SYSTEM32\DBGHELP.DLL
0x00007ffb745b0000 - 0x00007ffb745e4000 	C:\Windows\SYSTEM32\dbgcore.DLL
0x00007ffb8a010000 - 0x00007ffb8a092000 	C:\Windows\System32\bcryptPrimitives.dll
0x00007ffb850e0000 - 0x00007ffb8511c000 	C:\Program Files\Java\jdk-21\bin\jdwp.dll
0x00007ffb66390000 - 0x00007ffb6639f000 	C:\Program Files\Java\jdk-21\bin\instrument.dll
0x00007ffb66370000 - 0x00007ffb6638f000 	C:\Program Files\Java\jdk-21\bin\java.dll
0x00007ffb66270000 - 0x00007ffb66288000 	C:\Program Files\Java\jdk-21\bin\zip.dll

dbghelp: loaded successfully - version: 4.0.5 - missing functions: none
symbol engine: initialized successfully - sym options: 0x614 - pdb path: .;C:\Program Files\Java\jdk-21\bin;C:\Windows\SYSTEM32;C:\Windows\WinSxS\amd64_microsoft.windows.common-controls_6595b64144ccf1df_6.0.19041.6456_none_60b8a6cb71f64256;C:\Program Files\Java\jdk-21\bin\server

VM Arguments:
jvm_args: -agentlib:jdwp=transport=dt_socket,address=127.0.0.1:50894,suspend=y,server=n -javaagent:C:\Users\Admin\AppData\Local\JetBrains\IntelliJIdea2025.3\captureAgent\debugger-agent.jar=file:///C:/Users/Admin/AppData/Local/Temp/capture1852655167817012528.props -XX:TieredStopAtLevel=1 -Dspring.profiles.active=local -Dspring.output.ansi.enabled=always -Dkotlinx.coroutines.debug.enable.creation.stack.trace=false -Ddebugger.agent.enable.coroutines=true -Dkotlinx.coroutines.debug.enable.flows.stack.trace=true -Dkotlinx.coroutines.debug.enable.mutable.state.flows.stack.trace=true -Ddebugger.async.stack.trace.for.all.threads=true -Dfile.encoding=UTF-8 -Dsun.stdout.encoding=UTF-8 -Dsun.stderr.encoding=UTF-8 
java_command: by.shakhau.ps.gateway.PaymentSystemApiGatewayApplication
java_class_path (initial): D:\IdeaProjects\innowise\payment-system\payment-system-api-gateway\build\classes\java\main;D:\IdeaProjects\innowise\payment-system\payment-system-api-gateway\build\resources\main;C:\Users\Admin\.gradle\caches\modules-2\files-2.1\org.projectlombok\lombok\1.18.46\a5cfe99fdf320e84955ef653f2ce1bf789d11385\lombok-1.18.46.jar;C:\Users\Admin\.gradle\caches\modules-2\files-2.1\org.springframework.cloud\spring-cloud-starter-gateway\4.3.0\119869f2bbd2cf71672079ab3acaaeca1d4b9cee\spring-cloud-starter-gateway-4.3.0.jar;C:\Users\Admin\.gradle\caches\modules-2\files-2.1\org.springframework.boot\spring-boot-starter-actuator\3.5.15\3fda024804d236681f4d7fa2e5d1d9d44b5f6650\spring-boot-starter-actuator-3.5.15.jar;C:\Users\Admin\.gradle\caches\modules-2\files-2.1\org.springframework.boot\spring-boot-starter-security\3.5.15\34b74928608450d9f568122f5f7bd2bef4e7e789\spring-boot-starter-security-3.5.15.jar;C:\Users\Admin\.gradle\caches\modules-2\files-2.1\org.springframework.boot\spring-boot-starter-oauth2-resource-server\3.5.15\67250e18efe0644587b7211bcc8f664e92d8434c\spring-boot-starter-oauth2-resource-server-3.5.15.jar;C:\Users\Admin\.gradle\caches\modules-2\files-2.1\io.jsonwebtoken\jjwt-impl\0.12.6\ac23673a84b6089e0369fb8ab2c69edd91cd6eb0\jjwt-impl-0.12.6.jar;C:\Users\Admin\.gradle\caches\modules-2\files-2.1\io.jsonwebtoken\jjwt-jackson\0.12.6\f141e0c1136ba17f2632858238a31ae05642dbf8\jjwt-jackson-0.12.6.jar;C:\Users\Admin\.gradle\caches\modules-2\files-2.1\io.jsonwebtoken\jjwt-api\0.12.6\478886a888f6add04937baf0361144504a024967\jjwt-api-0.12.6.jar;C:\Users\Admin\.gradle\caches\modules-2\files-2.1\org.springframework.cloud\spring-cloud-starter\4.3.0\8e794c3b8438450bf8d7cfbb936bb05344a54397\spring-cloud-starter-4.3.0.jar;C:\Users\Admin\.gradle\caches\modules-2\files-2.1\org.springframework.cloud\spring-cloud-gateway-server\4.3.0\a2a9990714dc9087d9054a38b2e62b828f0dd0e2\spring-cloud-gateway-server-4.3.0.jar;C:\Users\Admin\.gradle\caches\modules-2\files-2.1\org.springframework.boot\spring-boot-starter-webflux\3.5.15\976f3ab75eb06ec8c1a2411b5e8580652e9a8dd4\spring-boot-starter-webflux-3.5.15.jar;C:\Users\Admin\.gradle\caches\modules-2\files-2.1\org.springframework.boot\spring-boot-properties-migrator\3.5.15\8f2fd32f7a39662f5c2b746d27f5f82a7c374ee9\spring-boot-properties-migrator-3.5.15.jar;C:\Users\Admin\.gradle\caches\modules-2\files-2.1\org.springframework.boot\spring-boot-starter\3.5.15\d5939013cbaee1f0c012e2324ea6256412a2672e\spring-boot-starter-3.5.15.jar;C:\Users\Admin\.gradle\caches\modules-2\files-2.1\org.springframework.boot\spring-boot-actuator-autoconfigure\3.5.15\856037a950881b9e0337625a4a29f3c90ac2a52f\spring-boot-actuator-autoconfigure-3.5.15.jar;C:\Users\Admin\.gradle\caches\modules-2\files-2.1\io.micrometer\micrometer-jakarta9\1.15.12\723026e4168c2ff38d30b04ce6b28da7bfd688e5\micrometer-jakarta9-1.15.12.jar;C:\Users\Admin\.gradle\caches\modules-2\files-2.1\io.micrometer\micrometer-observation\1.15.12\1d96fcaec8d2516236dfcb9914108e14bfd02238\micrometer-observation-1.15.12.jar;C:\Users\Admin\.gradle\caches\modules-2\files-2.1\org.springframework.security\spring-security-config\6.5.11\c698bc32f1f10f85b3ade54575077eaebc9b86c3\spring-security-config-6.5.11.jar;C:\Users\Admin\.gradle\caches\modules-2\files-2.1\org.springframework.security\spring-security-web\6.5.11\eeee13020ef81f290633e68fe062bccba062774e\spring-security-web-6.5.11.jar;C:\Users\Admin\.gradle\caches\modules-2\files-2.1\org.springframework\spring-aop\6.2.19\86a538bb7b2be38a0afc4ef049784def10a86c62\spring-aop-6.2.19.jar;C:\Users\Admin\.gradle\caches\modules-2\files-2.1\org.springframework.security\spring-security-oauth2-resource-server\6.5.11\7f28ddc2ffb134af69da3f9efb3e27ac1e50db4f\spring-security-oauth2-resource-server-6.5.11.jar;C:\Users\Admin\.gradle\caches\modules-2\files-2.1\org.springframework.security\spring-security-oauth2-jose\6.5.11\d9f717cf74d3544e71fc0feaa2ba272d11030180\spring-security-oauth2-jose-6.5.11.jar;C:\Users\Admin\.gradle\caches\modules-2\files-2.1\org.springframework.security\spring-security-core\6.5.11\d57309ff65d122a2fa45a3a8f47b01e9183cb6e6\spring-security-core-6.5.11.jar;C:\Users\Admin\.gradle\caches\modules-2\files-2.1\com.fasterxml.jackson.core\jackson-databind\2.21.4\9e495680be707d466527d734368ebf36e464da2\jackson-databind-2.21.4.jar;C:\Users\Admin\.gradle\caches\modules-2\files-2.1\org.springframework.cloud\spring-cloud-context\4.3.0\831b237375831042b7838570db74df44bdea5aa6\spring-cloud-context-4.3.0.jar;C:\Users\Admin\.gradle\caches\modules-2\files-2.1\org.springframework.cloud\spring-cloud-commons\4.3.0\e939caa4370105f53b1213520692615bed7605f3\spring-cloud-commons-4.3.0.jar;C:\Users\Admin\.gradle\caches\modules-2\files-2.1\org.bouncycastle\bcprov-jdk18on\1.80\e22100b41042decf09cab914a5af8d2c57b5ac4a\bcprov-jdk18on-1.80.jar;C:\Users\Admin\.gradle\caches\modules-2\files-2.1\org.springframework.boot\spring-boot-starter-validation\3.5.15\68579b1fb8b699eac6d11d2181a65f99d0e37714\spring-boot-starter-validation-3.5.15.jar;C:\Users\Admin\.gradle\caches\modules-2\files-2.1\io.projectreactor.addons\reactor-extra\3.5.5\4ab90c74f677d7fae36cb36a8103e3edd63263f2\reactor-extra-3.5.5.jar;C:\Users\Admin\.gradle\caches\modules-2\files-2.1\org.springframework.boot\spring-boot-starter-json\3.5.15\1507254007468c2d29ad2dd753a6a745d89658\spring-boot-starter-json-3.5.15.jar;C:\Users\Admin\.gradle\caches\modules-2\files-2.1\org.springframework\spring-webflux\6.2.19\337387ed6212f72f2cc39fe8c606630cd23263f3\spring-webflux-6.2.19.jar;C:\Users\Admin\.gradle\caches\modules-2\files-2.1\org.springframework\spring-web\6.2.19\f1dc7b238611aeaf9e256a230aa089057cf0e5b3\spring-web-6.2.19.jar;C:\Users\Admin\.gradle\caches\modules-2\files-2.1\org.springframework.boot\spring-boot-starter-reactor-netty\3.5.15\701c0d496f96bfc6ff0ab6ad1dd265c4894f401f\spring-boot-starter-reactor-netty-3.5.15.jar;C:\Users\Admin\.gradle\caches\modules-2\files-2.1\org.springframework.boot\spring-boot-autoconfigure\3.5.15\2ae6e14e304afe1e56bca3eb607e89b6dbf76f77\spring-boot-autoconfigure-3.5.15.jar;C:\Users\Admin\.gradle\caches\modules-2\files-2.1\org.springframework.boot\spring-boot\3.5.15\c06a102c231e4a0a53085d93c3a121f3a05d6825\spring-boot-3.5.15.jar;C:\Users\Admin\.gradle\caches\modules-2\files-2.1\org.springframework.boot\spring-boot-starter-logging\3.5.15\82c0e91a8b0dda9f581476011527442688ff9dcc\spring-boot-starter-logging-3.5.15.jar;C:\Users\Admin\.gradle\caches\modules-2\files-2.1\jakarta.annotation\jakarta.annotation-api\2.1.1\48b9bda22b091b1f48b13af03fe36db3be6e1ae3\jakarta.annotation-api-2.1.1.jar;C:\Users\Admin\.gradle\caches\modules-2\files-2.1\org.springframework\spring-core\6.2.19\691459d4644894dae8e5c2d9550a4cfb8302f62f\spring-core-6.2.19.jar;C:\Users\Admin\.gradle\caches\modules-2\files-2.1\org.yaml\snakeyaml\2.4\e0666b825b796f85521f02360e77f4c92c5a7a07\snakeyaml-2.4.jar;C:\Users\Admin\.gradle\caches\modules-2\files-2.1\org.springframework.boot\spring-boot-actuator\3.5.15\861e2c4717ae17995546d4d52ae59013f6da90ea\spring-boot-actuator-3.5.15.jar;C:\Users\Admin\.gradle\caches\modules-2\files-2.1\io.micrometer\micrometer-core\1.15.12\5064deed80753c36607e21d7a7439b8007f48c52\micrometer-core-1.15.12.jar;C:\Users\Admin\.gradle\caches\modules-2\files-2.1\io.micrometer\micrometer-commons\1.15.12\eb539638d48571fa6ce4ea3eb8417cab37a63438\micrometer-commons-1.15.12.jar;C:\Users\Admin\.gradle\caches\modules-2\files-2.1\org.springframework\spring-context\6.2.19\e218e4c4ecad1e821905628b2c4ce8561d937baa\spring-context-6.2.19.jar;C:\Users\Admin\.gradle\caches\modules-2\files-2.1\org.springframework\spring-beans\6.2.19\6d6b4774db3b036df46be6332d93b09d70e5c147\spring-beans-6.2.19.jar;C:\Users\Admin\.gradle\caches\modules-2\files-2.1\org.springframework\spring-expression\6.2.19\c7202d23797fa778c5ed55e502ac1a9f0d34012a\spring-expression-6.2.19.jar;C:\Users\Admin\.gradle\caches\modules-2\files-2.1\org.springframework.security\spring-security-oauth2-core\6.5.11\8701577c05dc5e2345f96753046e724367c7b870\spring-security-oauth2-core-6.5.11.jar;C:\Users\Admin\.gradle\caches\modules-2\files-2.1\com.nimbusds\nimbus-jose-jwt\9.37.4\3d680c5ea93472186fda6d0d920d7975d3f4e15c\nimbus-jose-jwt-9.37.4.jar;C:\Users\Admin\.gradle\caches\modules-2\files-2.1\org.springframework.security\spring-security-crypto\6.5.11\2cbc07fa7650ef2f49bcc5ac35e7666c79614f55\spring-security-crypto-6.5.11.jar;C:\Users\Admin\.gradle\caches\modules-2\files-2.1\com.fasterxml.jackson.core\jackson-core\2.21.4\56a503ba45016714394807ea89f95f5093760089\jackson-core-2.21.4.jar;C:\Users\Admin\.gradle\caches\modules-2\files-2.1\com.fasterxml.jackson.core\jackson-annotations\2.21\b1bc1868bf02dc0bd6c7836257a036a331005309\jackson-annotations-2.21.jar;C:\Users\Admin\.gradle\caches\modules-2\files-2.1\org.apache.tomcat.embed\tomcat-embed-el\10.1.55\202f2de13bd61be720cf302f28d63eda558d29f3\tomcat-embed-el-10.1.55.jar;C:\Users\Admin\.gradle\caches\modules-2\files-2.1\org.hibernate.validator\hibernate-validator\8.0.3.Final\4425f554297a1c5ba03a3f30e559a9fd91048cf8\hibernate-validator-8.0.3.Final.jar;C:\Users\Admin\.gradle\caches\modules-2\files-2.1\io.projectreactor\reactor-core\3.7.19\4b4c09f49a6fa2fa122554453c2d71b5bf2077ef\reactor-core-3.7.19.jar;C:\Users\Admin\.gradle\caches\modules-2\files-2.1\com.fasterxml.jackson.datatype\jackson-datatype-jdk8\2.21.4\a1b9fe3b6e8d4418fe09a1ba9a8f6640137cfb5\jackson-datatype-jdk8-2.21.4.jar;C:\Users\Admin\.gradle\caches\modules-2\files-2.1\com.fasterxml.jackson.datatype\jackson-datatype-jsr310\2.21.4\51f9ede30826b05cdf8a70b47bc68bd6271dfaaa\jackson-datatype-jsr310-2.21.4.jar;C:\Users\Admin\.gradle\caches\modules-2\files-2.1\com.fasterxml.jackson.module\jackson-module-parameter-names\2.21.4\5f1439ff7bebf7601e12a9ee7919b81ab9cb7c78\jackson-module-parameter-names-2.21.4.jar;C:\Users\Admin\.gradle\caches\modules-2\files-2.1\io.projectreactor.netty\reactor-netty-http\1.2.18\8a9cfe2e67ef65b9c94906421b4f4bc6b550cb44\reactor-netty-http-1.2.18.jar;C:\Users\Admin\.gradle\caches\modules-2\files-2.1\ch.qos.logback\logback-classic\1.5.34\e598899bad5824511cd3019299254230468e1fa2\logback-classic-1.5.34.jar;C:\Users\Admin\.gradle\caches\modules-2\files-2.1\org.apache.logging.log4j\log4j-to-slf4j\2.24.3\da1143e2a2531ee1c2d90baa98eb50a28a39d5a7\log4j-to-slf4j-2.24.3.jar;C:\Users\Admin\.gradle\caches\modules-2\files-2.1\org.slf4j\jul-to-slf4j\2.0.18\79739c98001d5c9d078d087d5a348ec9e474ec8f\jul-to-slf4j-2.0.18.jar;C:\Users\Admin\.gradle\caches\modules-2\files-2.1\org.springframework\spring-jcl\6.2.19\39b9c7d631961f3649511b08ef167420b086184b\spring-jcl-6.2.19.jar;C:\Users\Admin\.gradle\caches\modules-2\files-2.1\com.github.stephenc.jcip\jcip-annotations\1.0-1\ef31541dd28ae2cefdd17c7ebf352d93e9058c63\jcip-annotations-1.0-1.jar;C:\Users\Admin\.gradle\caches\modules-2\files-2.1\jakarta.validation\jakarta.validation-api\3.0.2\92b6631659ba35ca09e44874d3eb936edfeee532\jakarta.validation-api-3.0.2.jar;C:\Users\Admin\.gradle\caches\modules-2\files-2.1\org.jboss.logging\jboss-logging\3.6.3.Final\1cc9f976725720bb4a66f80af3e3aa6b9890d969\jboss-logging-3.6.3.Final.jar;C:\Users\Admin\.gradle\caches\modules-2\files-2.1\com.fasterxml\classmate\1.7.3\f61c7e7b81e9249b0f6a05914eff9d54fb09f4a0\classmate-1.7.3.jar;C:\Users\Admin\.gradle\caches\modules-2\files-2.1\org.reactivestreams\reactive-streams\1.0.4\3864a1320d97d7b045f729a326e1e077661f31b7\reactive-streams-1.0.4.jar;C:\Users\Admin\.gradle\caches\modules-2\files-2.1\io.projectreactor.netty\reactor-netty-core\1.2.18\a708b3f017a3a385a52f44b37500b520d8a19aa7\reactor-netty-core-1.2.18.jar;C:\Users\Admin\.gradle\caches\modules-2\files-2.1\io.netty\netty-codec-http2\4.1.135.Final\56375e341f0ca44079b1bfb62030285b9de5d713\netty-codec-http2-4.1.135.Final.jar;C:\Users\Admin\.gradle\caches\modules-2\files-2.1\io.netty\netty-codec-http\4.1.135.Final\69d785784208bae296fa74d802772687c6947754\netty-codec-http-4.1.135.Final.jar;C:\Users\Admin\.gradle\caches\modules-2\files-2.1\io.netty\netty-resolver-dns-native-macos\4.1.135.Final\160036ecf20002bf9b7b563ea2101f26c3ee64d8\netty-resolver-dns-native-macos-4.1.135.Final-osx-x86_64.jar;C:\Users\Admin\.gradle\caches\modules-2\files-2.1\io.netty\netty-resolver-dns\4.1.135.Final\d092a2851ecef2a07722da7da80a843f7e936ae\netty-resolver-dns-4.1.135.Final.jar;C:\Users\Admin\.gradle\caches\modules-2\files-2.1\io.netty\netty-transport-native-epoll\4.1.135.Final\9321b17feb084585c9286208ad2c438cc9abed30\netty-transport-native-epoll-4.1.135.Final-linux-x86_64.jar;C:\Users\Admin\.gradle\caches\modules-2\files-2.1\ch.qos.logback\logback-core\1.5.34\378692f76c337b3325c15bffb89e013dc1f897b4\logback-core-1.5.34.jar;C:\Users\Admin\.gradle\caches\modules-2\files-2.1\org.slf4j\slf4j-api\2.0.18\78a9e7a37cd6360e0b818e86341b24123d28d4df\slf4j-api-2.0.18.jar;C:\Users\Admin\.gradle\caches\modules-2\files-2.1\org.apache.logging.log4j\log4j-api\2.24.3\b02c125db8b6d295adf72ae6e71af5d83bce2370\log4j-api-2.24.3.jar;C:\Users\Admin\.gradle\caches\modules-2\files-2.1\io.netty\netty-handler-proxy\4.1.135.Final\df2a683563e8ca8442a49ddc9c2da9110dcc3cef\netty-handler-proxy-4.1.135.Final.jar;C:\Users\Admin\.gradle\caches\modules-2\files-2.1\io.netty\netty-handler\4.1.135.Final\567f8742a3d7a0a8be0401dada8fbdbaa7bf02b6\netty-handler-4.1.135.Final.jar;C:\Users\Admin\.gradle\caches\modules-2\files-2.1\io.netty\netty-codec\4.1.135.Final\cf36e54dc81aa160a93780478727bdb3c3fa4600\netty-codec-4.1.135.Final.jar;C:\Users\Admin\.gradle\caches\modules-2\files-2.1\io.netty\netty-transport\4.1.135.Final\cbc238f1f9707f3652252fdc48568cce0e9a01d9\netty-transport-4.1.135.Final.jar;C:\Users\Admin\.gradle\caches\modules-2\files-2.1\io.netty\netty-buffer\4.1.135.Final\6e60e222c27d3534e63e519fb1a9d66c485f62bd\netty-buffer-4.1.135.Final.jar;C:\Users\Admin\.gradle\caches\modules-2\files-2.1\io.netty\netty-common\4.1.135.Final\3f1fd5004102cd1146a53d29127804569b63c90f\netty-common-4.1.135.Final.jar;C:\Users\Admin\.gradle\caches\modules-2\files-2.1\io.netty\netty-resolver-dns-classes-macos\4.1.135.Final\508fc43de462e60c814e76d7e23dea59b0cc4fe8\netty-resolver-dns-classes-macos-4.1.135.Final.jar;C:\Users\Admin\.gradle\caches\modules-2\files-2.1\io.netty\netty-codec-dns\4.1.135.Final\814e353f6c5f9383f2b93d941961f89565f4161\netty-codec-dns-4.1.135.Final.jar;C:\Users\Admin\.gradle\caches\modules-2\files-2.1\io.netty\netty-resolver\4.1.135.Final\d43b00856050cfd4445a063d5816a4782ae422f9\netty-resolver-4.1.135.Final.jar;C:\Users\Admin\.gradle\caches\modules-2\files-2.1\io.netty\netty-transport-classes-epoll\4.1.135.Final\4f2bd9bcd7c91768c1f9aca8e62870ece18527bd\netty-transport-classes-epoll-4.1.135.Final.jar;C:\Users\Admin\.gradle\caches\modules-2\files-2.1\io.netty\netty-transport-native-unix-common\4.1.135.Final\9ceeb22325232e9998e3f0ae396e5e4cb462672f\netty-transport-native-unix-common-4.1.135.Final.jar;C:\Users\Admin\.gradle\caches\modules-2\files-2.1\io.netty\netty-codec-socks\4.1.135.Final\65675a46d40f11b27dce2593d05be327d083f5f2\netty-codec-socks-4.1.135.Final.jar;C:\Users\Admin\.gradle\caches\modules-2\files-2.1\org.springframework.boot\spring-boot-configuration-metadata\3.5.15\416125d6f8cd1d4c74e63ee8e062779b422b6f48\spring-boot-configuration-metadata-3.5.15.jar;C:\Users\Admin\.gradle\caches\modules-2\files-2.1\com.vaadin.external.google\android-json\0.0.20131108.vaadin1\fa26d351fe62a6a17f5cda1287c1c6110dec413f\android-json-0.0.20131108.vaadin1.jar;C:\Users\Admin\.gradle\caches\modules-2\files-2.1\org.hdrhistogram\HdrHistogram\2.2.2\7959933ebcc0f05b2eaa5af0a0c8689fa257b15c\HdrHistogram-2.2.2.jar;C:\Users\Admin\.gradle\caches\modules-2\files-2.1\org.latencyutils\LatencyUtils\2.0.3\769c0b82cb2421c8256300e907298a9410a2a3d3\LatencyUtils-2.0.3.jar;C:\Program Files\JetBrains\IntelliJ IDEA 2025.3.3\lib\idea_rt.jar
Launcher Type: SUN_STANDARD

[Global flags]
     intx CICompilerCount                          = 4                                         {product} {ergonomic}
     uint ConcGCThreads                            = 3                                         {product} {ergonomic}
     uint G1ConcRefinementThreads                  = 10                                        {product} {ergonomic}
   size_t G1HeapRegionSize                         = 2097152                                   {product} {ergonomic}
    uintx GCDrainStackTargetSize                   = 64                                        {product} {ergonomic}
   size_t InitialHeapSize                          = 266338304                                 {product} {ergonomic}
   size_t MarkStackSize                            = 4194304                                   {product} {ergonomic}
   size_t MaxHeapSize                              = 4255121408                                {product} {ergonomic}
   size_t MinHeapDeltaBytes                        = 2097152                                   {product} {ergonomic}
   size_t MinHeapSize                              = 8388608                                   {product} {ergonomic}
    uintx NonNMethodCodeHeapSize                   = 4096                                   {pd product} {ergonomic}
    uintx NonProfiledCodeHeapSize                  = 0                                      {pd product} {ergonomic}
     bool ProfileInterpreter                       = false                                  {pd product} {command line}
    uintx ProfiledCodeHeapSize                     = 0                                      {pd product} {ergonomic}
   size_t SoftMaxHeapSize                          = 4255121408                             {manageable} {ergonomic}
     intx TieredStopAtLevel                        = 1                                         {product} {command line}
     bool UseCompressedOops                        = true                           {product lp64_product} {ergonomic}
     bool UseG1GC                                  = true                                      {product} {ergonomic}
     bool UseLargePagesIndividualAllocation        = false                                  {pd product} {ergonomic}

Logging:
Log output configuration:
 #0: stdout all=warning uptime,level,tags foldmultilines=false
 #1: stderr all=off uptime,level,tags foldmultilines=false

Environment Variables:
JAVA_HOME=C:\Program Files\Java\jdk-21
PATH=C:\Program Files (x86)\Borland\Delphi7\Bin;C:\Program Files (x86)\Borland\Delphi7\Projects\Bpl\;C:\Windows\system32;C:\Windows;C:\Windows\System32\Wbem;C:\Windows\System32\WindowsPowerShell\v1.0\;C:\Windows\System32\OpenSSH\;C:\Program Files\Git\cmd;C:\Program Files\Java\jdk-21\bin;D:\maven\bin;D:\Android\Sdk\platform-tools;;C:\Program Files\Kubernetes\Minikube;C:\Program Files\nodejs\;C:\Users\Admin\AppData\Local\Microsoft\WindowsApps;C:\Users\Admin\AppData\Local\Google\Cloud SDK\google-cloud-sdk\bin;C:\Users\Admin\AppData\Local\Programs\DockerDesktop\resources\bin;C:\Users\Admin\AppData\Roaming\npm
USERNAME=Admin
OS=Windows_NT
PROCESSOR_IDENTIFIER=Intel64 Family 6 Model 158 Stepping 10, GenuineIntel
TMP=C:\Users\Admin\AppData\Local\Temp
TEMP=C:\Users\Admin\AppData\Local\Temp




Periodic native trim disabled

---------------  S Y S T E M  ---------------

OS:
 Windows 10 , 64 bit Build 19041 (10.0.19041.5915)
OS uptime: 0 days 0:15 hours
Hyper-V role detected

CPU: total 12 (initial active 12) (6 cores per cpu, 2 threads per core) family 6 model 158 stepping 10 microcode 0xb4, cx8, cmov, fxsr, ht, mmx, 3dnowpref, sse, sse2, sse3, ssse3, sse4.1, sse4.2, popcnt, lzcnt, tsc, tscinvbit, avx, avx2, aes, erms, clmul, bmi1, bmi2, adx, fma, vzeroupper, clflush, clflushopt, hv, rdtscp, f16c
Processor Information for all 12 processors :
  Max Mhz: 2208, Current Mhz: 2208, Mhz Limit: 2208

Memory: 4k page, system-wide physical 16226M (484M free)
TotalPageFile size 16226M (AvailPageFile size 148M)
current process WorkingSet (physical memory assigned to process): 11M, peak: 11M
current process commit charge ("private bytes"): 59M, peak: 313M

vm_info: Java HotSpot(TM) 64-Bit Server VM (21.0.9+7-LTS-338) for windows-amd64 JRE (21.0.9+7-LTS-338), built on 2025-09-26T06:33:49Z by "mach5run" with MS VC++ 17.6 (VS2022)

END.
